// Jest Snapshot v1, https://goo.gl/fbAQLP

exports[`Shell view tests SiteInspector rendered properly 1`] = `
<Shell
  currentPath=""
  messages={Array []}
  onToggleShell={[Function]}
  position="right"
  removeMessage={[Function]}
  resetRouteUpdate={[Function]}
  routesUpdated={false}
  setCurrentPath={[Function]}
  setShellPanelPosition={[Function]}
  siteInspectorInitialized={true}
  store={
    Object {
      "clearActions": [Function],
      "dispatch": [Function],
      "getActions": [Function],
      "getState": [Function],
      "replaceReducer": [Function],
      "subscribe": [Function],
    }
  }
  storeSubscription={
    Subscription {
      "listeners": Object {
        "clear": [Function],
        "get": [Function],
        "notify": [Function],
        "subscribe": [Function],
      },
      "onStateChange": [Function],
      "parentSub": undefined,
      "store": Object {
        "clearActions": [Function],
        "dispatch": [Function],
        "getActions": [Function],
        "getState": [Function],
        "replaceReducer": [Function],
        "subscribe": [Function],
      },
      "unsubscribe": [Function],
    }
  }
  tabs={Array []}
  visible={false}
/>
`;
